167.206.202.132 - - [08/Feb/2018:11:31:22 -0500] "GET / HTTP/1.1" 304 0 "-" "Mozilla/5.0 (Linux; Android 8.1.0; Pixel 2 XL Build/OPM1.171019.013) AppleWebKit/537.36 (KHTML, like Gecko) Chrome/64.0.3282.137 Mobile Safari/537.36"
167.206.202.132 - - [08/Feb/2018:11:31:22 -0500] "GET /main.css HTTP/1.1" 304 0 "http://realmikefacts.com/" "Mozilla/5.0 (Linux; Android 8.1.0; Pixel 2 XL Build/OPM1.171019.013) AppleWebKit/537.36 (KHTML, like Gecko) Chrome/64.0.3282.137 Mobile Safari/537.36"
167.206.202.132 - - [08/Feb/2018:11:31:22 -0500] "GET /app.js HTTP/1.1" 304 0 "http://realmikefacts.com/" "Mozilla/5.0 (Linux; Android 8.1.0; Pixel 2 XL Build/OPM1.171019.013) AppleWebKit/537.36 (KHTML, like Gecko) Chrome/64.0.3282.137 Mobile Safari/537.36"
167.206.202.132 - - [08/Feb/2018:11:31:51 -0500] "GET / HTTP/1.1" 304 0 "-" "Mozilla/5.0 (Linux; Android 8.1.0; Pixel 2 XL Build/OPM1.171019.013) AppleWebKit/537.36 (KHTML, like Gecko) Chrome/64.0.3282.137 Mobile Safari/537.36"
167.206.202.132 - - [08/Feb/2018:11:31:52 -0500] "GET /main.css HTTP/1.1" 304 0 "http://realmikefacts.com/" "Mozilla/5.0 (Linux; Android 8.1.0; Pixel 2 XL Build/OPM1.171019.013) AppleWebKit/537.36 (KHTML, like Gecko) Chrome/64.0.3282.137 Mobile Safari/537.36"
167.206.202.132 - - [08/Feb/2018:11:33:25 -0500] "GET / HTTP/1.1" 200 1655 "-" "Mozilla/5.0 (Linux; Android 8.1.0; Pixel 2 XL Build/OPM1.171019.013) AppleWebKit/537.36 (KHTML, like Gecko) Chrome/64.0.3282.137 Mobile Safari/537.36"
167.206.202.132 - - [08/Feb/2018:11:33:25 -0500] "GET /main.css HTTP/1.1" 304 0 "http://realmikefacts.com/" "Mozilla/5.0 (Linux; Android 8.1.0; Pixel 2 XL Build/OPM1.171019.013) AppleWebKit/537.36 (KHTML, like Gecko) Chrome/64.0.3282.137 Mobile Safari/537.36"
167.206.202.132 - - [08/Feb/2018:11:34:26 -0500] "GET /app.js HTTP/1.1" 200 2934000 "http://realmikefacts.com/" "Mozilla/5.0 (Linux; Android 8.1.0; Pixel 2 XL Build/OPM1.171019.013) AppleWebKit/537.36 (KHTML, like Gecko) Chrome/64.0.3282.137 Mobile Safari/537.36"
167.206.202.132 - - [08/Feb/2018:11:35:22 -0500] "GET / HTTP/1.1" 304 0 "-" "Mozilla/5.0 (Linux; Android 8.1.0; Pixel 2 XL Build/OPM1.171019.013) AppleWebKit/537.36 (KHTML, like Gecko) Chrome/64.0.3282.137 Mobile Safari/537.36"
167.206.202.132 - - [08/Feb/2018:11:35:22 -0500] "GET /app.js HTTP/1.1" 304 0 "http://realmikefacts.com/" "Mozilla/5.0 (Linux; Android 8.1.0; Pixel 2 XL Build/OPM1.171019.013) AppleWebKit/537.36 (KHTML, like Gecko) Chrome/64.0.3282.137 Mobile Safari/537.36"
167.206.202.132 - - [08/Feb/2018:11:36:22 -0500] "GET /main.css HTTP/1.1" 304 0 "http://realmikefacts.com/" "Mozilla/5.0 (Linux; Android 8.1.0; Pixel 2 XL Build/OPM1.171019.013) AppleWebKit/537.36 (KHTML, like Gecko) Chrome/64.0.3282.137 Mobile Safari/537.36"
167.206.202.132 - - [08/Feb/2018:11:37:03 -0500] "GET / HTTP/1.1" 304 0 "-" "Mozilla/5.0 (Linux; Android 8.1.0; Pixel 2 XL Build/OPM1.171019.013) AppleWebKit/537.36 (KHTML, like Gecko) Chrome/64.0.3282.137 Mobile Safari/537.36"
167.206.202.132 - - [08/Feb/2018:11:37:04 -0500] "GET /app.js HTTP/1.1" 304 0 "http://realmikefacts.com/" "Mozilla/5.0 (Linux; Android 8.1.0; Pixel 2 XL Build/OPM1.171019.013) AppleWebKit/537.36 (KHTML, like Gecko) Chrome/64.0.3282.137 Mobile Safari/537.36"
167.206.202.132 - - [08/Feb/2018:11:38:03 -0500] "GET /main.css HTTP/1.1" 304 0 "http://realmikefacts.com/" "Mozilla/5.0 (Linux; Android 8.1.0; Pixel 2 XL Build/OPM1.171019.013) AppleWebKit/537.36 (KHTML, like Gecko) Chrome/64.0.3282.137 Mobile Safari/537.36"
164.52.24.140 - - [08/Feb/2018:11:43:48 -0500] "\x16\x03\x01\x01\x22\x01\x00\x01\x1E\x03\x03\xDB\xF0?e\xE8\xBD\xF3 \x16h\x9F5>\xBD6\xBB\xE8\xC3&\xC4{W\xC4P\xFD\x1AW\xC5\xD8%C\xA0\x00\x00\x88\xC00\xC0,\xC0(\xC0$\xC0\x14\xC0" 400 173 "-" "-"
164.52.24.140 - - [08/Feb/2018:11:43:54 -0500] "USER test +iw test :Test Wuz Here" 400 173 "-" "-"
164.52.24.140 - - [08/Feb/2018:11:43:57 -0500] "GET / HTTP/1.1" 499 0 "-" "Mozilla/5.0 (Windows NT 6.1; WOW64; rv:52.0) Gecko/20100101 Firefox/52.0"
23.99.122.165 - - [08/Feb/2018:12:41:42 -0500] "GET / HTTP/1.1" 200 1655 "-" "-"
23.99.122.165 - - [08/Feb/2018:12:42:42 -0500] "OPTIONS / HTTP/1.1" 200 8 "-" "-"
23.99.122.165 - - [08/Feb/2018:12:42:43 -0500] "GET /Robots.txt HTTP/1.1" 404 149 "-" "-"
23.99.122.165 - - [08/Feb/2018:12:42:43 -0500] "GET /SiteMap.xml HTTP/1.1" 404 150 "-" "-"
193.106.30.99 - - [08/Feb/2018:12:48:50 -0500] "GET /wp-mosx.php?x=1 HTTP/1.1" 404 150 "-" "Mozilla/5.0 (Windows NT 6.1; rv:34.0) Gecko/20100101 Firefox/34.0"
167.206.202.132 - - [08/Feb/2018:12:58:09 -0500] "GET / HTTP/1.1" 304 0 "-" "Mozilla/5.0 (Linux; Android 8.1.0; Pixel 2 XL Build/OPM1.171019.013) AppleWebKit/537.36 (KHTML, like Gecko) Chrome/64.0.3282.137 Mobile Safari/537.36"
167.206.202.132 - - [08/Feb/2018:12:58:10 -0500] "GET /main.css HTTP/1.1" 304 0 "http://realmikefacts.com/" "Mozilla/5.0 (Linux; Android 8.1.0; Pixel 2 XL Build/OPM1.171019.013) AppleWebKit/537.36 (KHTML, like Gecko) Chrome/64.0.3282.137 Mobile Safari/537.36"
167.206.202.132 - - [08/Feb/2018:12:58:29 -0500] "GET /app.js HTTP/1.1" 304 0 "http://realmikefacts.com/" "Mozilla/5.0 (Linux; Android 8.1.0; Pixel 2 XL Build/OPM1.171019.013) AppleWebKit/537.36 (KHTML, like Gecko) Chrome/64.0.3282.137 Mobile Safari/537.36"
167.206.202.132 - - [08/Feb/2018:12:59:40 -0500] "GET / HTTP/1.1" 304 0 "-" "Mozilla/5.0 (Linux; Android 8.1.0; Pixel 2 XL Build/OPM1.171019.013) AppleWebKit/537.36 (KHTML, like Gecko) Chrome/64.0.3282.137 Mobile Safari/537.36"
167.206.202.132 - - [08/Feb/2018:12:59:40 -0500] "GET /main.css HTTP/1.1" 304 0 "http://realmikefacts.com/" "Mozilla/5.0 (Linux; Android 8.1.0; Pixel 2 XL Build/OPM1.171019.013) AppleWebKit/537.36 (KHTML, like Gecko) Chrome/64.0.3282.137 Mobile Safari/537.36"
167.206.202.132 - - [08/Feb/2018:12:59:40 -0500] "GET /app.js HTTP/1.1" 304 0 "http://realmikefacts.com/" "Mozilla/5.0 (Linux; Android 8.1.0; Pixel 2 XL Build/OPM1.171019.013) AppleWebKit/537.36 (KHTML, like Gecko) Chrome/64.0.3282.137 Mobile Safari/537.36"
167.206.202.132 - - [08/Feb/2018:13:00:04 -0500] "GET /login HTTP/1.1" 304 0 "-" "Mozilla/5.0 (Linux; Android 8.1.0; Pixel 2 XL Build/OPM1.171019.013) AppleWebKit/537.36 (KHTML, like Gecko) Chrome/64.0.3282.137 Mobile Safari/537.36"
167.206.202.132 - - [08/Feb/2018:13:00:04 -0500] "GET /main.css HTTP/1.1" 304 0 "http://realmikefacts.com/login" "Mozilla/5.0 (Linux; Android 8.1.0; Pixel 2 XL Build/OPM1.171019.013) AppleWebKit/537.36 (KHTML, like Gecko) Chrome/64.0.3282.137 Mobile Safari/537.36"
167.206.202.132 - - [08/Feb/2018:13:01:04 -0500] "GET /app.js HTTP/1.1" 304 0 "http://realmikefacts.com/login" "Mozilla/5.0 (Linux; Android 8.1.0; Pixel 2 XL Build/OPM1.171019.013) AppleWebKit/537.36 (KHTML, like Gecko) Chrome/64.0.3282.137 Mobile Safari/537.36"
66.118.142.165 - - [08/Feb/2018:14:33:45 -0500] "HEAD /myadmin/scripts/setup.php HTTP/1.0" 404 0 "-" "-"
113.254.116.238 - - [08/Feb/2018:15:49:02 -0500] "GET / HTTP/1.1" 200 1655 "http://96.232.94.109:80" "Mozilla/4.0 (compatible; MSIE 9.0; Windows NT 6.1)"
167.206.202.132 - - [08/Feb/2018:16:37:27 -0500] "GET / HTTP/1.1" 304 0 "-" "Mozilla/5.0 (Linux; Android 8.1.0; Pixel 2 XL Build/OPM1.171019.013) AppleWebKit/537.36 (KHTML, like Gecko) Chrome/64.0.3282.137 Mobile Safari/537.36"
167.206.202.132 - - [08/Feb/2018:16:37:27 -0500] "GET /app.js HTTP/1.1" 304 0 "http://realmikefacts.com/" "Mozilla/5.0 (Linux; Android 8.1.0; Pixel 2 XL Build/OPM1.171019.013) AppleWebKit/537.36 (KHTML, like Gecko) Chrome/64.0.3282.137 Mobile Safari/537.36"
167.206.202.132 - - [08/Feb/2018:16:38:27 -0500] "GET /main.css HTTP/1.1" 304 0 "http://realmikefacts.com/" "Mozilla/5.0 (Linux; Android 8.1.0; Pixel 2 XL Build/OPM1.171019.013) AppleWebKit/537.36 (KHTML, like Gecko) Chrome/64.0.3282.137 Mobile Safari/537.36"
167.206.202.132 - - [08/Feb/2018:16:44:05 -0500] "GET / HTTP/1.1" 200 1655 "-" "Mozilla/5.0 (Linux; Android 8.1.0; Pixel 2 XL Build/OPM1.171019.013) AppleWebKit/537.36 (KHTML, like Gecko) Chrome/64.0.3282.137 Mobile Safari/537.36"
167.206.202.132 - - [08/Feb/2018:16:44:06 -0500] "GET /app.js HTTP/1.1" 304 0 "http://realmikefacts.com/" "Mozilla/5.0 (Linux; Android 8.1.0; Pixel 2 XL Build/OPM1.171019.013) AppleWebKit/537.36 (KHTML, like Gecko) Chrome/64.0.3282.137 Mobile Safari/537.36"
167.206.202.132 - - [08/Feb/2018:16:45:06 -0500] "GET /main.css HTTP/1.1" 304 0 "http://realmikefacts.com/" "Mozilla/5.0 (Linux; Android 8.1.0; Pixel 2 XL Build/OPM1.171019.013) AppleWebKit/537.36 (KHTML, like Gecko) Chrome/64.0.3282.137 Mobile Safari/537.36"
167.206.202.132 - - [08/Feb/2018:16:48:11 -0500] "GET /main.css HTTP/1.1" 304 0 "-" "Mozilla/5.0 (Linux; Android 8.1.0; Pixel 2 XL Build/OPM1.171019.013) AppleWebKit/537.36 (KHTML, like Gecko) Chrome/64.0.3282.137 Mobile Safari/537.36"
167.206.202.132 - - [08/Feb/2018:16:48:12 -0500] "GET /favicon.ico HTTP/1.1" 404 150 "http://realmikefacts.com/main.css" "Mozilla/5.0 (Linux; Android 8.1.0; Pixel 2 XL Build/OPM1.171019.013) AppleWebKit/537.36 (KHTML, like Gecko) Chrome/64.0.3282.137 Mobile Safari/537.36"
167.206.202.132 - - [08/Feb/2018:16:52:34 -0500] "GET /main.css HTTP/1.1" 304 0 "-" "Mozilla/5.0 (Linux; Android 8.1.0; Pixel 2 XL Build/OPM1.171019.013) AppleWebKit/537.36 (KHTML, like Gecko) Chrome/64.0.3282.137 Mobile Safari/537.36"
167.206.202.132 - - [08/Feb/2018:16:53:06 -0500] "GET / HTTP/1.1" 499 0 "-" "Mozilla/5.0 (Linux; Android 8.1.0; Pixel 2 XL Build/OPM1.171019.013) AppleWebKit/537.36 (KHTML, like Gecko) Chrome/64.0.3282.137 Mobile Safari/537.36"
167.206.202.132 - - [08/Feb/2018:16:53:07 -0500] "GET / HTTP/1.1" 200 1655 "-" "Mozilla/5.0 (Linux; Android 8.1.0; Pixel 2 XL Build/OPM1.171019.013) AppleWebKit/537.36 (KHTML, like Gecko) Chrome/64.0.3282.137 Mobile Safari/537.36"
167.206.202.132 - - [08/Feb/2018:16:53:07 -0500] "GET /app.js HTTP/1.1" 304 0 "http://realmikefacts.com/" "Mozilla/5.0 (Linux; Android 8.1.0; Pixel 2 XL Build/OPM1.171019.013) AppleWebKit/537.36 (KHTML, like Gecko) Chrome/64.0.3282.137 Mobile Safari/537.36"
167.206.202.132 - - [08/Feb/2018:16:54:03 -0500] "GET /main.css HTTP/1.1" 499 0 "http://realmikefacts.com/" "Mozilla/5.0 (Linux; Android 8.1.0; Pixel 2 XL Build/OPM1.171019.013) AppleWebKit/537.36 (KHTML, like Gecko) Chrome/64.0.3282.137 Mobile Safari/537.36"
193.106.30.99 - - [08/Feb/2018:17:11:58 -0500] "POST /xmlrpc-activate.php HTTP/1.1" 499 0 "-" "Mozilla/5.0 (Windows NT 6.1; rv:34.0) Gecko/20100101 Firefox/34.0"
47.89.182.213 - - [08/Feb/2018:17:48:52 -0500] "GET / HTTP/1.1" 200 3152 "-" "Mozilla/5.0 (Windows NT 10.0; Win64; x64) AppleWebKit/537.36 (KHTML, like Gecko) Chrome/61.0.3163.100 Safari/537.36"
47.89.182.213 - - [08/Feb/2018:17:48:52 -0500] "GET /wp-includes/wlwmanifest.xml HTTP/1.1" 404 1201 "-" "Mozilla/5.0 (Windows NT 10.0; Win64; x64) AppleWebKit/537.36 (KHTML, like Gecko) Chrome/61.0.3163.100 Safari/537.36"
47.89.182.213 - - [08/Feb/2018:17:48:52 -0500] "GET /xmlrpc.php?rsd HTTP/1.1" 404 1201 "-" "Mozilla/5.0 (Windows NT 10.0; Win64; x64) AppleWebKit/537.36 (KHTML, like Gecko) Chrome/61.0.3163.100 Safari/537.36"
47.89.182.213 - - [08/Feb/2018:17:48:52 -0500] "GET / HTTP/1.1" 200 3152 "-" "Mozilla/5.0 (Windows NT 10.0; Win64; x64) AppleWebKit/537.36 (KHTML, like Gecko) Chrome/61.0.3163.100 Safari/537.36"
47.89.182.213 - - [08/Feb/2018:17:48:52 -0500] "GET /blog/wp-includes/wlwmanifest.xml HTTP/1.1" 404 1201 "-" "Mozilla/5.0 (Windows NT 10.0; Win64; x64) AppleWebKit/537.36 (KHTML, like Gecko) Chrome/61.0.3163.100 Safari/537.36"
47.89.182.213 - - [08/Feb/2018:17:48:52 -0500] "GET /wordpress/wp-includes/wlwmanifest.xml HTTP/1.1" 404 1201 "-" "Mozilla/5.0 (Windows NT 10.0; Win64; x64) AppleWebKit/537.36 (KHTML, like Gecko) Chrome/61.0.3163.100 Safari/537.36"
47.89.182.213 - - [08/Feb/2018:17:48:52 -0500] "GET /wp/wp-includes/wlwmanifest.xml HTTP/1.1" 404 1201 "-" "Mozilla/5.0 (Windows NT 10.0; Win64; x64) AppleWebKit/537.36 (KHTML, like Gecko) Chrome/61.0.3163.100 Safari/537.36"
47.89.182.213 - - [08/Feb/2018:17:48:52 -0500] "GET /site/wp-includes/wlwmanifest.xml HTTP/1.1" 404 1201 "-" "Mozilla/5.0 (Windows NT 10.0; Win64; x64) AppleWebKit/537.36 (KHTML, like Gecko) Chrome/61.0.3163.100 Safari/537.36"
47.89.182.213 - - [08/Feb/2018:17:48:52 -0500] "GET /cms/wp-includes/wlwmanifest.xml HTTP/1.1" 404 1201 "-" "Mozilla/5.0 (Windows NT 10.0; Win64; x64) AppleWebKit/537.36 (KHTML, like Gecko) Chrome/61.0.3163.100 Safari/537.36"
196.52.43.61 - - [08/Feb/2018:19:06:00 -0500] "GET / HTTP/1.0" 200 1655 "-" "Mozilla/5.0(WindowsNT6.1;rv:31.0)Gecko/20100101Firefox/31.0"
192.187.101.178 - - [08/Feb/2018:19:47:18 -0500] "HEAD / HTTP/1.1" 200 0 "-" "Mozilla/5.0 (Windows NT 6.1; rv:34.0) Gecko/20100101 Firefox/34.0"
38.142.119.234 - - [08/Feb/2018:20:03:47 -0500] "GET / HTTP/1.1" 200 3152 "-" "-"
95.213.184.180 - - [08/Feb/2018:21:14:57 -0500] "\x03\x00\x00/*\xE0\x00\x00\x00\x00\x00Cookie: mstshash=Administr" 400 173 "-" "-"
193.106.30.99 - - [08/Feb/2018:21:27:47 -0500] "POST /maps.php HTTP/1.1" 499 0 "-" "Mozilla/5.0 (Windows NT 6.1; rv:34.0) Gecko/20100101 Firefox/34.0"
192.168.1.1 - - [08/Feb/2018:21:44:33 -0500] "GET / HTTP/1.1" 304 0 "-" "Mozilla/5.0 (Linux; Android 8.1.0; Pixel 2 XL Build/OPM1.171019.013) AppleWebKit/537.36 (KHTML, like Gecko) Chrome/64.0.3282.137 Mobile Safari/537.36"
192.168.1.1 - - [08/Feb/2018:21:44:33 -0500] "GET /app.js HTTP/1.1" 304 0 "http://realmikefacts.com/" "Mozilla/5.0 (Linux; Android 8.1.0; Pixel 2 XL Build/OPM1.171019.013) AppleWebKit/537.36 (KHTML, like Gecko) Chrome/64.0.3282.137 Mobile Safari/537.36"
192.168.1.1 - - [08/Feb/2018:21:45:33 -0500] "GET /main.css HTTP/1.1" 304 0 "http://realmikefacts.com/" "Mozilla/5.0 (Linux; Android 8.1.0; Pixel 2 XL Build/OPM1.171019.013) AppleWebKit/537.36 (KHTML, like Gecko) Chrome/64.0.3282.137 Mobile Safari/537.36"
60.191.38.77 - - [09/Feb/2018:00:05:06 -0500] "GET / HTTP/1.1" 499 0 "-" "Mozilla/5.0 (Macintosh; Intel Mac OS X 10.11; rv:47.0) Gecko/20100101 Firefox/47.0"
34.228.233.149 - - [09/Feb/2018:00:19:19 -0500] "GET / HTTP/1.1" 200 1655 "-" "Mozilla/5.0 (Windows NT 6.2;en-US) AppleWebKit/537.32.36 (KHTML, live Gecko) Chrome/58.0.3040.67 Safari/537.32"
66.118.142.165 - - [09/Feb/2018:00:35:06 -0500] "HEAD /myadmin/scripts/setup.php HTTP/1.0" 499 0 "-" "-"
192.168.1.1 - - [09/Feb/2018:00:55:39 -0500] "GET / HTTP/1.1" 304 0 "-" "Mozilla/5.0 (Linux; Android 8.1.0; Pixel 2 XL Build/OPM1.171019.013) AppleWebKit/537.36 (KHTML, like Gecko) Chrome/64.0.3282.137 Mobile Safari/537.36"
192.168.1.1 - - [09/Feb/2018:00:55:40 -0500] "GET /app.js HTTP/1.1" 304 0 "http://realmikefacts.com/" "Mozilla/5.0 (Linux; Android 8.1.0; Pixel 2 XL Build/OPM1.171019.013) AppleWebKit/537.36 (KHTML, like Gecko) Chrome/64.0.3282.137 Mobile Safari/537.36"
192.168.1.1 - - [09/Feb/2018:00:55:58 -0500] "GET /main.css HTTP/1.1" 499 0 "http://realmikefacts.com/" "Mozilla/5.0 (Linux; Android 8.1.0; Pixel 2 XL Build/OPM1.171019.013) AppleWebKit/537.36 (KHTML, like Gecko) Chrome/64.0.3282.137 Mobile Safari/537.36"
192.168.1.1 - - [09/Feb/2018:00:56:58 -0500] "GET /login HTTP/1.1" 200 1655 "-" "Mozilla/5.0 (Linux; Android 8.1.0; Pixel 2 XL Build/OPM1.171019.013) AppleWebKit/537.36 (KHTML, like Gecko) Chrome/64.0.3282.137 Mobile Safari/537.36"
192.168.1.1 - - [09/Feb/2018:00:56:59 -0500] "GET /main.css HTTP/1.1" 200 198 "http://realmikefacts.com/login" "Mozilla/5.0 (Linux; Android 8.1.0; Pixel 2 XL Build/OPM1.171019.013) AppleWebKit/537.36 (KHTML, like Gecko) Chrome/64.0.3282.137 Mobile Safari/537.36"
192.168.1.1 - - [09/Feb/2018:00:57:22 -0500] "GET /favicon.ico HTTP/1.1" 404 1201 "http://happyvdayfel.com/backOfCardPage2" "Mozilla/5.0 (Linux; Android 8.1.0; Pixel 2 XL Build/OPM1.171019.013) AppleWebKit/537.36 (KHTML, like Gecko) Chrome/64.0.3282.137 Mobile Safari/537.36"
192.168.1.1 - - [09/Feb/2018:00:57:22 -0500] "GET /favicon.ico HTTP/1.1" 404 1201 "http://happyvdayfel.com/backOfCardPage2" "Mozilla/5.0 (Linux; Android 8.1.0; Pixel 2 XL Build/OPM1.171019.013) AppleWebKit/537.36 (KHTML, like Gecko) Chrome/64.0.3282.137 Mobile Safari/537.36"
192.168.1.1 - - [09/Feb/2018:00:57:22 -0500] "GET / HTTP/1.1" 304 0 "http://happyvdayfel.com/backOfCardPage2" "Mozilla/5.0 (Linux; Android 8.1.0; Pixel 2 XL Build/OPM1.171019.013) AppleWebKit/537.36 (KHTML, like Gecko) Chrome/64.0.3282.137 Mobile Safari/537.36"
192.168.1.1 - - [09/Feb/2018:00:57:22 -0500] "GET /stylesheets/style.css HTTP/1.1" 304 0 "http://happyvdayfel.com/" "Mozilla/5.0 (Linux; Android 8.1.0; Pixel 2 XL Build/OPM1.171019.013) AppleWebKit/537.36 (KHTML, like Gecko) Chrome/64.0.3282.137 Mobile Safari/537.36"
192.168.1.1 - - [09/Feb/2018:00:57:27 -0500] "GET /backOfCard HTTP/1.1" 304 0 "http://happyvdayfel.com/" "Mozilla/5.0 (Linux; Android 8.1.0; Pixel 2 XL Build/OPM1.171019.013) AppleWebKit/537.36 (KHTML, like Gecko) Chrome/64.0.3282.137 Mobile Safari/537.36"
192.168.1.1 - - [09/Feb/2018:00:57:28 -0500] "GET /stylesheets/style.css HTTP/1.1" 304 0 "http://happyvdayfel.com/backOfCard" "Mozilla/5.0 (Linux; Android 8.1.0; Pixel 2 XL Build/OPM1.171019.013) AppleWebKit/537.36 (KHTML, like Gecko) Chrome/64.0.3282.137 Mobile Safari/537.36"
192.168.1.1 - - [09/Feb/2018:00:57:49 -0500] "GET /backOfCardPage2 HTTP/1.1" 304 0 "http://happyvdayfel.com/backOfCard" "Mozilla/5.0 (Linux; Android 8.1.0; Pixel 2 XL Build/OPM1.171019.013) AppleWebKit/537.36 (KHTML, like Gecko) Chrome/64.0.3282.137 Mobile Safari/537.36"
192.168.1.1 - - [09/Feb/2018:00:57:49 -0500] "GET /stylesheets/style.css HTTP/1.1" 304 0 "http://happyvdayfel.com/backOfCardPage2" "Mozilla/5.0 (Linux; Android 8.1.0; Pixel 2 XL Build/OPM1.171019.013) AppleWebKit/537.36 (KHTML, like Gecko) Chrome/64.0.3282.137 Mobile Safari/537.36"
192.168.1.1 - - [09/Feb/2018:00:58:19 -0500] "GET / HTTP/1.1" 304 0 "http://happyvdayfel.com/backOfCardPage2" "Mozilla/5.0 (Linux; Android 8.1.0; Pixel 2 XL Build/OPM1.171019.013) AppleWebKit/537.36 (KHTML, like Gecko) Chrome/64.0.3282.137 Mobile Safari/537.36"
192.168.1.1 - - [09/Feb/2018:00:58:19 -0500] "GET /stylesheets/style.css HTTP/1.1" 304 0 "http://happyvdayfel.com/" "Mozilla/5.0 (Linux; Android 8.1.0; Pixel 2 XL Build/OPM1.171019.013) AppleWebKit/537.36 (KHTML, like Gecko) Chrome/64.0.3282.137 Mobile Safari/537.36"
95.213.184.180 - - [09/Feb/2018:01:26:21 -0500] "\x03\x00\x00/*\xE0\x00\x00\x00\x00\x00Cookie: mstshash=Administr" 400 173 "-" "-"
193.106.30.99 - - [09/Feb/2018:01:39:01 -0500] "POST /wp-check.php HTTP/1.1" 404 152 "-" "Mozilla/5.0 (Windows NT 6.1; rv:34.0) Gecko/20100101 Firefox/34.0"
54.196.21.243 - - [09/Feb/2018:01:53:19 -0500] "HEAD / HTTP/1.1" 200 0 "-" "Cloud mapping experiment. Contact research@pdrlabs.net"
54.196.21.243 - - [09/Feb/2018:01:53:21 -0500] "GET /clientaccesspolicy.xml HTTP/1.1" 499 0 "-" "Cloud mapping experiment. Contact research@pdrlabs.net"
66.249.73.27 - - [09/Feb/2018:01:55:07 -0500] "GET /robots.txt HTTP/1.1" 404 1201 "-" "Mozilla/5.0 (compatible; Googlebot/2.1; +http://www.google.com/bot.html)"
66.249.73.27 - - [09/Feb/2018:01:55:07 -0500] "GET / HTTP/1.1" 200 3152 "-" "Mozilla/5.0 (compatible; Googlebot/2.1; +http://www.google.com/bot.html)"
66.249.73.26 - - [09/Feb/2018:02:00:17 -0500] "GET /stylesheets/style.css HTTP/1.1" 200 8026 "http://happyvdayfel.com/" "Mozilla/5.0 (compatible; Googlebot/2.1; +http://www.google.com/bot.html)"
66.249.73.27 - - [09/Feb/2018:02:00:20 -0500] "GET /favicon.ico HTTP/1.1" 404 1201 "-" "Googlebot-Image/1.0"
113.128.105.59 - - [09/Feb/2018:02:13:03 -0500] "GET / HTTP/1.0" 200 1655 "-" "-"
192.241.212.160 - - [09/Feb/2018:02:57:46 -0500] "GET / HTTP/1.1" 499 0 "-" "Mozilla/5.0 zgrab/0.x"
77.72.83.110 - - [09/Feb/2018:04:56:57 -0500] "\x03\x00\x00*%\xE0\x00\x00\x00\x00\x00Cookie: mstshash=Test" 400 173 "-" "-"
77.72.83.110 - - [09/Feb/2018:04:56:58 -0500] "\x03\x00\x00*%\xE0\x00\x00\x00\x00\x00Cookie: mstshash=Test" 400 173 "-" "-"
66.249.73.199 - - [09/Feb/2018:04:57:47 -0500] "GET /robots.txt HTTP/1.1" 404 149 "-" "Mozilla/5.0 (compatible; Googlebot/2.1; +http://www.google.com/bot.html)"
66.249.73.199 - - [09/Feb/2018:04:58:47 -0500] "GET /login HTTP/1.1" 200 1655 "-" "Mozilla/5.0 (compatible; Googlebot/2.1; +http://www.google.com/bot.html)"
188.166.180.63 - - [09/Feb/2018:05:14:53 -0500] "HEAD /template/default/images/logo.png HTTP/1.1" 404 0 "-" "Mozilla/5.0 (Macintosh; Intel Mac OS X 10.13; rv:58.0) Gecko/20100101 Firefox/58.0"
74.115.214.145 - - [09/Feb/2018:05:32:26 -0500] "HEAD / HTTP/1.1" 200 0 "http://uptime-us.net/realmikefacts.com" "Mozilla/5.0 (compatible; Uptimebot/1.0; +http://www.uptime.com/uptimebot)"
193.106.30.99 - - [09/Feb/2018:05:53:25 -0500] "GET /components/com_foxcontact/_func.php HTTP/1.1" 499 0 "-" "Mozilla/5.0 (Windows NT 6.1; rv:34.0) Gecko/20100101 Firefox/34.0"
93.179.69.161 - - [09/Feb/2018:06:10:10 -0500] "GET / HTTP/1.1" 200 3152 "http://happyvdayfel.com" "Mozilla/5.0 (Windows NT 6.1; WOW64) AppleWebKit/537.36 (KHTML, like Gecko) Chrome/31.0.1650.57 Safari/537.36"
139.162.114.70 - - [09/Feb/2018:06:12:33 -0500] "GET / HTTP/1.1" 200 1655 "-" "Mozilla/5.0 (Windows NT 10.0; WOW64) AppleWebKit/537.36 (KHTML, like Gecko) Chrome/50.0.2661.102 Safari/537.36"
185.207.205.93 - - [09/Feb/2018:06:30:53 -0500] "HEAD / HTTP/1.1" 499 0 "-" "PycURL/7.19.5 libcurl/7.38.0 GnuTLS/3.3.8 zlib/1.2.8 libidn/1.29 libssh2/1.4.3 librtmp/2.3"
185.207.205.93 - - [09/Feb/2018:06:30:53 -0500] "GET / HTTP/1.1" 200 1655 "-" "PycURL/7.19.5 libcurl/7.38.0 GnuTLS/3.3.8 zlib/1.2.8 libidn/1.29 libssh2/1.4.3 librtmp/2.3"
66.249.73.27 - - [09/Feb/2018:07:14:58 -0500] "GET / HTTP/1.1" 200 3152 "-" "Mozilla/5.0 (Linux; Android 6.0.1; Nexus 5X Build/MMB29P) AppleWebKit/537.36 (KHTML, like Gecko) Chrome/41.0.2272.96 Mobile Safari/537.36 (compatible; Googlebot/2.1; +http://www.google.com/bot.html)"
167.206.202.132 - - [09/Feb/2018:09:16:42 -0500] "GET /backOfCard HTTP/1.1" 304 0 "-" "Mozilla/5.0 (Linux; Android 8.1.0; Pixel 2 XL Build/OPM1.171019.013) AppleWebKit/537.36 (KHTML, like Gecko) Chrome/64.0.3282.137 Mobile Safari/537.36"
167.206.202.132 - - [09/Feb/2018:09:16:42 -0500] "GET /stylesheets/style.css HTTP/1.1" 304 0 "http://happyvdayfel.com/backOfCard" "Mozilla/5.0 (Linux; Android 8.1.0; Pixel 2 XL Build/OPM1.171019.013) AppleWebKit/537.36 (KHTML, like Gecko) Chrome/64.0.3282.137 Mobile Safari/537.36"
66.249.73.27 - - [09/Feb/2018:09:21:34 -0500] "GET /favicon.ico HTTP/1.1" 404 1201 "-" "Googlebot-Image/1.0"
193.106.30.99 - - [09/Feb/2018:10:08:51 -0500] "POST /phqmv.php HTTP/1.1" 499 0 "-" "Mozilla/5.0 (Windows NT 6.1; rv:34.0) Gecko/20100101 Firefox/34.0"
167.206.202.132 - - [09/Feb/2018:10:12:05 -0500] "GET /app.js HTTP/1.1" 200 2934000 "http://realmikefacts.com/login" "Mozilla/5.0 (Linux; Android 8.1.0; Pixel 2 XL Build/OPM1.171019.013) AppleWebKit/537.36 (KHTML, like Gecko) Chrome/64.0.3282.137 Mobile Safari/537.36"
66.249.73.27 - - [09/Feb/2018:10:23:23 -0500] "GET / HTTP/1.1" 200 3152 "-" "Mozilla/5.0 (Linux; Android 6.0.1; Nexus 5X Build/MMB29P) AppleWebKit/537.36 (KHTML, like Gecko) Chrome/41.0.2272.96 Mobile Safari/537.36 (compatible; Googlebot/2.1; +http://www.google.com/bot.html)"
38.140.143.250 - - [09/Feb/2018:10:53:33 -0500] "GET / HTTP/1.1" 499 0 "-" "-"
209.250.249.34 - - [09/Feb/2018:13:08:01 -0500] "GET / HTTP/1.1" 200 1655 "-" "Mozilla/5.0 (Windows NT 5.1; rv:9.0.1) Gecko/20100101 Firefox/9.0.1"
209.250.249.34 - - [09/Feb/2018:13:08:11 -0500] "GET /HNAP1/ HTTP/1.1" 499 0 "http://96.232.94.109/" "Mozilla/5.0 (Windows NT 5.1; rv:9.0.1) Gecko/20100101 Firefox/9.0.1"
209.250.249.34 - - [09/Feb/2018:13:08:11 -0500] "GET /HNAP1/ HTTP/1.1" 200 1655 "http://96.232.94.109/" "Mozilla/5.0 (Windows NT 5.1; rv:9.0.1) Gecko/20100101 Firefox/9.0.1"
217.147.169.253 - - [09/Feb/2018:13:11:00 -0500] "GET / HTTP/1.1" 499 0 "-" "Mozilla/5.0 (Windows; U; Windows NT 5.1; en-US) AppleWebKit/534.16 (KHTML, like Gecko) Chrome/10.0.648.134 Safari/534.16"
188.166.180.63 - - [09/Feb/2018:13:23:27 -0500] "HEAD /template/default/images/logo.png HTTP/1.1" 404 0 "-" "Mozilla/5.0 (Macintosh; Intel Mac OS X 10.13; rv:58.0) Gecko/20100101 Firefox/58.0"
66.118.142.165 - - [09/Feb/2018:13:36:05 -0500] "HEAD /myadmin/scripts/setup.php HTTP/1.0" 499 0 "-" "-"
66.249.73.27 - - [09/Feb/2018:13:36:44 -0500] "GET / HTTP/1.1" 200 3152 "-" "Mozilla/5.0 (Linux; Android 6.0.1; Nexus 5X Build/MMB29P) AppleWebKit/537.36 (KHTML, like Gecko) Chrome/41.0.2272.96 Mobile Safari/537.36 (compatible; Googlebot/2.1; +http://www.google.com/bot.html)"
193.106.30.99 - - [09/Feb/2018:14:21:02 -0500] "POST /wp-pols.php HTTP/1.1" 404 151 "-" "Mozilla/5.0 (Windows NT 6.1; rv:34.0) Gecko/20100101 Firefox/34.0"
107.6.150.242 - - [09/Feb/2018:15:23:02 -0500] "SSH-2.0-Go" 400 173 "-" "-"
107.6.150.245 - - [09/Feb/2018:15:23:05 -0500] "\x16\x03\x01\x00\x8E\x01\x00\x00\x8A\x03\x03h\x09{\x9CFZ#}x}\xC6]\xF2\xA6\xEC\xDD\x07:U5\xAD\xD2*\xCE\xFB__\xD4{\x0C\xBBJ\x00\x00\x1A\xC0/\xC0+\xC0\x11\xC0\x07\xC0\x13\xC0\x09\xC0\x14\xC0" 400 173 "-" "-"
107.6.150.246 - - [09/Feb/2018:15:23:10 -0500] "GET / HTTP/1.1" 499 0 "-" "Mozilla/5.0 zgrab/0.x"
167.206.202.132 - - [09/Feb/2018:15:26:08 -0500] "GET /favicon.ico HTTP/1.1" 404 1201 "http://happyvdayfel.com/backOfCard" "Mozilla/5.0 (Linux; Android 8.1.0; Pixel 2 XL Build/OPM1.171019.013) AppleWebKit/537.36 (KHTML, like Gecko) Chrome/64.0.3282.137 Mobile Safari/537.36"
66.249.73.28 - - [09/Feb/2018:15:59:29 -0500] "GET /robots.txt HTTP/1.1" 404 1201 "-" "Mozilla/5.0 (compatible; Googlebot/2.1; +http://www.google.com/bot.html)"
66.249.73.26 - - [09/Feb/2018:15:59:30 -0500] "GET / HTTP/1.1" 200 3152 "-" "Mozilla/5.0 (Linux; Android 6.0.1; Nexus 5X Build/MMB29P) AppleWebKit/537.36 (KHTML, like Gecko) Chrome/41.0.2272.96 Mobile Safari/537.36 (compatible; Googlebot/2.1; +http://www.google.com/bot.html)"
192.168.1.1 - - [09/Feb/2018:17:29:49 -0500] "GET /backOfCard HTTP/1.1" 200 4539 "http://happyvdayfel.com/" "Mozilla/5.0 (Macintosh; Intel Mac OS X 10_13_2) AppleWebKit/537.36 (KHTML, like Gecko) Chrome/63.0.3239.132 Safari/537.36"
192.168.1.1 - - [09/Feb/2018:17:29:49 -0500] "GET /stylesheets/style.css HTTP/1.1" 304 0 "http://happyvdayfel.com/backOfCard" "Mozilla/5.0 (Macintosh; Intel Mac OS X 10_13_2) AppleWebKit/537.36 (KHTML, like Gecko) Chrome/63.0.3239.132 Safari/537.36"
192.168.1.1 - - [09/Feb/2018:18:37:25 -0500] "GET /favicon.ico HTTP/1.1" 404 1201 "http://happyvdayfel.com/backOfCard" "Mozilla/5.0 (Linux; Android 8.1.0; Pixel 2 XL Build/OPM1.171019.013) AppleWebKit/537.36 (KHTML, like Gecko) Chrome/64.0.3282.137 Mobile Safari/537.36"
192.168.1.1 - - [09/Feb/2018:18:37:28 -0500] "GET / HTTP/1.1" 304 0 "-" "Mozilla/5.0 (Linux; Android 8.1.0; Pixel 2 XL Build/OPM1.171019.013) AppleWebKit/537.36 (KHTML, like Gecko) Chrome/64.0.3282.137 Mobile Safari/537.36"
192.168.1.1 - - [09/Feb/2018:18:37:28 -0500] "GET /stylesheets/style.css HTTP/1.1" 304 0 "http://happyvdayfel.com/" "Mozilla/5.0 (Linux; Android 8.1.0; Pixel 2 XL Build/OPM1.171019.013) AppleWebKit/537.36 (KHTML, like Gecko) Chrome/64.0.3282.137 Mobile Safari/537.36"
192.168.1.1 - - [09/Feb/2018:18:37:33 -0500] "GET /backOfCard HTTP/1.1" 304 0 "http://happyvdayfel.com/" "Mozilla/5.0 (Linux; Android 8.1.0; Pixel 2 XL Build/OPM1.171019.013) AppleWebKit/537.36 (KHTML, like Gecko) Chrome/64.0.3282.137 Mobile Safari/537.36"
192.168.1.1 - - [09/Feb/2018:18:37:34 -0500] "GET /stylesheets/style.css HTTP/1.1" 304 0 "http://happyvdayfel.com/backOfCard" "Mozilla/5.0 (Linux; Android 8.1.0; Pixel 2 XL Build/OPM1.171019.013) AppleWebKit/537.36 (KHTML, like Gecko) Chrome/64.0.3282.137 Mobile Safari/537.36"
192.168.1.1 - - [09/Feb/2018:18:37:44 -0500] "GET /backOfCardPage2 HTTP/1.1" 304 0 "http://happyvdayfel.com/backOfCard" "Mozilla/5.0 (Linux; Android 8.1.0; Pixel 2 XL Build/OPM1.171019.013) AppleWebKit/537.36 (KHTML, like Gecko) Chrome/64.0.3282.137 Mobile Safari/537.36"
192.168.1.1 - - [09/Feb/2018:18:37:44 -0500] "GET /stylesheets/style.css HTTP/1.1" 304 0 "http://happyvdayfel.com/backOfCardPage2" "Mozilla/5.0 (Linux; Android 8.1.0; Pixel 2 XL Build/OPM1.171019.013) AppleWebKit/537.36 (KHTML, like Gecko) Chrome/64.0.3282.137 Mobile Safari/537.36"
192.168.1.1 - - [09/Feb/2018:18:38:10 -0500] "GET / HTTP/1.1" 304 0 "http://happyvdayfel.com/backOfCardPage2" "Mozilla/5.0 (Linux; Android 8.1.0; Pixel 2 XL Build/OPM1.171019.013) AppleWebKit/537.36 (KHTML, like Gecko) Chrome/64.0.3282.137 Mobile Safari/537.36"
192.168.1.1 - - [09/Feb/2018:18:38:10 -0500] "GET /stylesheets/style.css HTTP/1.1" 304 0 "http://happyvdayfel.com/" "Mozilla/5.0 (Linux; Android 8.1.0; Pixel 2 XL Build/OPM1.171019.013) AppleWebKit/537.36 (KHTML, like Gecko) Chrome/64.0.3282.137 Mobile Safari/537.36"
192.168.1.1 - - [09/Feb/2018:18:38:15 -0500] "GET /backOfCard HTTP/1.1" 304 0 "http://happyvdayfel.com/" "Mozilla/5.0 (Linux; Android 8.1.0; Pixel 2 XL Build/OPM1.171019.013) AppleWebKit/537.36 (KHTML, like Gecko) Chrome/64.0.3282.137 Mobile Safari/537.36"
192.168.1.1 - - [09/Feb/2018:18:38:15 -0500] "GET /stylesheets/style.css HTTP/1.1" 304 0 "http://happyvdayfel.com/backOfCard" "Mozilla/5.0 (Linux; Android 8.1.0; Pixel 2 XL Build/OPM1.171019.013) AppleWebKit/537.36 (KHTML, like Gecko) Chrome/64.0.3282.137 Mobile Safari/537.36"
192.168.1.1 - - [09/Feb/2018:18:38:22 -0500] "GET /backOfCardPage2 HTTP/1.1" 304 0 "http://happyvdayfel.com/backOfCard" "Mozilla/5.0 (Linux; Android 8.1.0; Pixel 2 XL Build/OPM1.171019.013) AppleWebKit/537.36 (KHTML, like Gecko) Chrome/64.0.3282.137 Mobile Safari/537.36"
192.168.1.1 - - [09/Feb/2018:18:38:22 -0500] "GET /stylesheets/style.css HTTP/1.1" 304 0 "http://happyvdayfel.com/backOfCardPage2" "Mozilla/5.0 (Linux; Android 8.1.0; Pixel 2 XL Build/OPM1.171019.013) AppleWebKit/537.36 (KHTML, like Gecko) Chrome/64.0.3282.137 Mobile Safari/537.36"
193.106.30.99 - - [09/Feb/2018:18:39:04 -0500] "POST /gtde.php HTTP/1.1" 404 148 "-" "Mozilla/5.0 (Windows NT 6.1; rv:34.0) Gecko/20100101 Firefox/34.0"
38.142.119.122 - - [09/Feb/2018:19:36:13 -0500] "GET / HTTP/1.1" 499 0 "-" "-"
66.118.142.165 - - [09/Feb/2018:20:09:29 -0500] "HEAD /myadmin/scripts/setup.php HTTP/1.0" 404 0 "-" "-"
180.76.15.154 - - [09/Feb/2018:21:05:25 -0500] "GET / HTTP/1.1" 200 1655 "-" "Mozilla/5.0 (compatible; Baiduspider/2.0; +http://www.baidu.com/search/spider.html)"
107.77.106.114 - - [09/Feb/2018:21:44:09 -0500] "GET /favicon.ico HTTP/1.1" 404 1201 "http://happyvdayfel.com/backOfCardPage2" "Mozilla/5.0 (Linux; Android 8.1.0; Pixel 2 XL Build/OPM1.171019.013) AppleWebKit/537.36 (KHTML, like Gecko) Chrome/64.0.3282.137 Mobile Safari/537.36"
107.77.106.114 - - [09/Feb/2018:21:44:09 -0500] "GET /favicon.ico HTTP/1.1" 404 1201 "http://happyvdayfel.com/backOfCardPage2" "Mozilla/5.0 (Linux; Android 8.1.0; Pixel 2 XL Build/OPM1.171019.013) AppleWebKit/537.36 (KHTML, like Gecko) Chrome/64.0.3282.137 Mobile Safari/537.36"
142.44.181.247 - - [09/Feb/2018:21:45:06 -0500] "HEAD /robots.txt HTTP/1.0" 404 0 "-" "-"
185.222.210.29 - - [09/Feb/2018:22:01:54 -0500] "PROPFIND / HTTP/1.1" 404 144 "-" "-"
172.104.108.109 - - [09/Feb/2018:22:05:45 -0500] "GET / HTTP/1.1" 499 0 "-" "Mozilla/5.0"
172.104.108.109 - - [09/Feb/2018:22:05:45 -0500] "GET http://clientapi.ipip.net/echo.php?info=20180210030544 HTTP/1.1" 404 147 "-" "Mozilla/5.0 (Windows NT 10.0; WOW64)"
172.104.108.109 - - [09/Feb/2018:22:05:45 -0500] "\x05\x02\x00\x02" 400 173 "-" "-"
193.106.30.99 - - [09/Feb/2018:22:48:28 -0500] "POST /sfn.php HTTP/1.1" 499 0 "-" "Mozilla/5.0 (Windows NT 6.1; rv:34.0) Gecko/20100101 Firefox/34.0"
60.191.38.77 - - [09/Feb/2018:23:09:57 -0500] "GET / HTTP/1.1" 200 1655 "-" "Mozilla/5.0 (Macintosh; Intel Mac OS X 10.11; rv:47.0) Gecko/20100101 Firefox/47.0"
165.227.207.24 - - [10/Feb/2018:00:11:39 -0500] "GET / HTTP/1.1" 200 3152 "-" "Mozilla/5.0 (Windows NT 6.1; WOW64; rv:40.0) Gecko/20100101 Firefox/40.1"
193.106.30.99 - - [10/Feb/2018:02:59:36 -0500] "GET /view.php?check=1 HTTP/1.1" 499 0 "-" "Mozilla/5.0 (Windows NT 6.1; rv:34.0) Gecko/20100101 Firefox/34.0"
185.235.245.13 - - [10/Feb/2018:06:31:55 -0500] "GET / HTTP/1.1" 200 1655 "-" "Mozilla/5.0 (Windows NT 6.1; WOW64; rv:46.0) Gecko/20100101 Firefox/46.0"
193.106.30.99 - - [10/Feb/2018:07:13:16 -0500] "POST /trackback.php HTTP/1.1" 499 0 "-" "Mozilla/5.0 (Windows NT 6.1; rv:34.0) Gecko/20100101 Firefox/34.0"
66.249.73.27 - - [10/Feb/2018:08:39:18 -0500] "GET /robots.txt HTTP/1.1" 404 1201 "-" "Mozilla/5.0 (compatible; Googlebot/2.1; +http://www.google.com/bot.html)"
66.249.73.26 - - [10/Feb/2018:08:39:18 -0500] "GET / HTTP/1.1" 200 3152 "-" "Mozilla/5.0 (compatible; Googlebot/2.1; +http://www.google.com/bot.html)"
66.118.142.165 - - [10/Feb/2018:09:38:22 -0500] "HEAD /myadmin/scripts/setup.php HTTP/1.0" 404 0 "-" "-"
193.106.30.99 - - [10/Feb/2018:11:26:06 -0500] "POST /random.php HTTP/1.1" 499 0 "-" "Mozilla/5.0 (Windows NT 6.1; rv:34.0) Gecko/20100101 Firefox/34.0"
66.240.205.34 - - [10/Feb/2018:11:34:15 -0500] "Gh0st\xAD\x00\x00\x00\xE0\x00\x00\x00x\x9CKS``\x98\xC3\xC0\xC0\xC0\x06\xC4\x8C@\xBCQ\x96\x81\x81\x09H\x07\xA7\x16\x95e&\xA7*\x04$&g+\x182\x94\xF6\xB000\xAC\xA8rc\x00\x01\x11\xA0\x82\x1F\x5C`&\x83\xC7K7\x86\x19\xE5n\x0C9\x95n\x0C;\x84\x0F3\xAC\xE8sch\xA8^\xCF4'J\x97\xA9\x82\xE30\xC3\x91h]&\x90\xF8\xCE\x97S\xCBA4L?2=\xE1\xC4\x92\x86\x0B@\xF5`\x0CT\x1F\xAE\xAF]" 400 173 "-" "-"
192.187.101.178 - - [10/Feb/2018:12:18:44 -0500] "HEAD / HTTP/1.1" 200 0 "-" "Mozilla/5.0 (Windows NT 6.1; rv:34.0) Gecko/20100101 Firefox/34.0"
192.187.101.178 - - [10/Feb/2018:12:19:03 -0500] "HEAD / HTTP/1.1" 499 0 "-" "Mozilla/5.0 (Windows NT 6.1; rv:34.0) Gecko/20100101 Firefox/34.0"
192.187.101.178 - - [10/Feb/2018:12:20:14 -0500] "HEAD / HTTP/1.1" 200 0 "-" "Mozilla/5.0 (Windows NT 6.1; rv:34.0) Gecko/20100101 Firefox/34.0"
35.201.31.131 - - [10/Feb/2018:14:06:53 -0500] "GET /wls-wsat/CoordinatorPortType HTTP/1.1" 499 0 "-" "python-requests/2.9.1"
66.118.142.165 - - [10/Feb/2018:14:33:47 -0500] "HEAD /myadmin/scripts/setup.php HTTP/1.0" 404 0 "-" "-"
139.162.108.53 - - [10/Feb/2018:15:27:06 -0500] "GET / HTTP/1.1" 499 0 "-" "Mozilla/5.0 (Windows NT 10.0; WOW64) AppleWebKit/537.36 (KHTML, like Gecko) Chrome/50.0.2661.102 Safari/537.36"
193.106.30.99 - - [10/Feb/2018:15:41:51 -0500] "POST /pols.php HTTP/1.1" 404 148 "-" "Mozilla/5.0 (Windows NT 6.1; rv:34.0) Gecko/20100101 Firefox/34.0"
54.80.72.128 - - [10/Feb/2018:16:58:44 -0500] "GET / HTTP/1.1" 200 1655 "-" "Cloud mapping experiment searching for shoutcast servers. Contact research@pdrlabs.net"
54.80.72.128 - - [10/Feb/2018:16:58:44 -0500] "HEAD / HTTP/1.1" 499 0 "-" "Cloud mapping experiment. Contact research@pdrlabs.net"
217.147.169.147 - - [10/Feb/2018:18:12:27 -0500] "GET / HTTP/1.1" 200 3152 "-" "Mozilla/5.0 (X11; Linux x86_64) AppleWebKit/534.24 (KHTML, like Gecko) Ubuntu/10.04 Chromium/11.0.696.0 Chrome/11.0.696.0 Safari/534.24"
193.106.30.99 - - [10/Feb/2018:19:54:40 -0500] "GET /wp-logs.php?action=test HTTP/1.1" 499 0 "-" "Mozilla/5.0 (Windows NT 6.1; rv:34.0) Gecko/20100101 Firefox/34.0"
66.118.142.165 - - [10/Feb/2018:21:34:08 -0500] "HEAD /phpmyadmin/scripts/setup.php HTTP/1.0" 404 0 "-" "-"
198.199.113.84 - - [10/Feb/2018:22:14:05 -0500] "GET / HTTP/1.1" 499 0 "-" "Mozilla/4.0 (compatible; MSIE 6.0; Windows 98)"
193.106.30.99 - - [11/Feb/2018:00:07:21 -0500] "GET /kup.php?u=1 HTTP/1.1" 404 146 "-" "Mozilla/5.0 (Windows NT 6.1; rv:34.0) Gecko/20100101 Firefox/34.0"
71.6.146.130 - - [11/Feb/2018:00:46:30 -0500] "GET / HTTP/1.1" 499 0 "-" "Mozilla/5.0 (Windows NT 6.1) AppleWebKit/537.36 (KHTML, like Gecko) Chrome/41.0.2228.0 Safari/537.36"
54.162.46.58 - - [11/Feb/2018:00:56:24 -0500] "HEAD / HTTP/1.1" 200 0 "-" "Cloud mapping experiment. Contact research@pdrlabs.net"
54.162.46.58 - - [11/Feb/2018:00:56:25 -0500] "GET /clientaccesspolicy.xml HTTP/1.1" 499 0 "-" "Cloud mapping experiment. Contact research@pdrlabs.net"
172.104.108.109 - - [11/Feb/2018:01:11:21 -0500] "GET / HTTP/1.1" 200 1655 "-" "Mozilla/5.0"
201.6.121.174 - - [11/Feb/2018:01:28:14 -0500] "GET /hndUnblock.cgi HTTP/1.1" 499 0 "-" "Wget(linux)"
201.6.121.174 - - [11/Feb/2018:01:28:14 -0500] "GET /moo HTTP/1.1" 200 1655 "-" "Wget(linux)"
201.6.121.174 - - [11/Feb/2018:01:28:21 -0500] "GET / HTTP/1.1" 499 0 "-" "Wget(linux)"
201.6.121.174 - - [11/Feb/2018:01:28:21 -0500] "POST /getcfg.php HTTP/1.1" 404 150 "-" "Wget(linux)"
201.6.121.174 - - [11/Feb/2018:01:28:27 -0500] "POST /getcfg.php HTTP/1.1" 499 0 "-" "Wget(linux)"
60.191.38.77 - - [11/Feb/2018:01:53:21 -0500] "GET / HTTP/1.1" 200 1655 "-" "Mozilla/5.0 (Macintosh; Intel Mac OS X 10.11; rv:47.0) Gecko/20100101 Firefox/47.0"
158.69.229.134 - - [11/Feb/2018:03:22:28 -0500] "GET / HTTP/1.1" 200 3152 "-" "Mozilla/5.0 (Windows NT 6.1) AppleWebKit/537.36 (KHTML, like Gecko) Chrome/53.0.2785.34 Safari/537.36"
193.106.30.99 - - [11/Feb/2018:04:19:36 -0500] "POST /beck/cron.php HTTP/1.1" 499 0 "-" "Mozilla/5.0 (Windows NT 6.1; rv:34.0) Gecko/20100101 Firefox/34.0"
66.118.142.165 - - [11/Feb/2018:06:45:12 -0500] "HEAD /phpmyadmin/scripts/setup.php HTTP/1.0" 404 0 "-" "-"
71.6.142.85 - - [11/Feb/2018:07:59:43 -0500] "GET / HTTP/1.1" 499 0 "-" "Mozilla/5.0 zgrab/0.x"
193.106.30.99 - - [11/Feb/2018:08:27:34 -0500] "POST /wp-checking.php HTTP/1.1" 404 155 "-" "Mozilla/5.0 (Windows NT 6.1; rv:34.0) Gecko/20100101 Firefox/34.0"
141.212.122.96 - - [11/Feb/2018:11:51:06 -0500] "GET /x HTTP/1.1" 400 173 "-" "Telesphoreo"
195.154.61.206 - - [11/Feb/2018:12:01:59 -0500] "GET / HTTP/1.0" 499 0 "-" "-"
193.106.30.99 - - [11/Feb/2018:12:37:19 -0500] "POST /bgeiis.php HTTP/1.1" 404 150 "-" "Mozilla/5.0 (Windows NT 6.1; rv:34.0) Gecko/20100101 Firefox/34.0"
66.118.142.165 - - [11/Feb/2018:16:15:14 -0500] "HEAD /phpmyadmin/scripts/setup.php HTTP/1.0" 499 0 "-" "-"
193.106.30.99 - - [11/Feb/2018:16:45:39 -0500] "POST /error-logs.php HTTP/1.1" 404 154 "-" "Mozilla/5.0 (Windows NT 6.1; rv:34.0) Gecko/20100101 Firefox/34.0"
192.168.1.1 - - [11/Feb/2018:17:41:34 -0500] "GET /stylesheets/style.css HTTP/1.1" 304 0 "http://happyvdayfel.com/backOfCard" "Mozilla/5.0 (Windows NT 10.0; Win64; x64) AppleWebKit/537.36 (KHTML, like Gecko) Chrome/63.0.3239.132 Safari/537.36"
192.168.1.1 - - [11/Feb/2018:17:41:47 -0500] "GET /backOfCardPage2 HTTP/1.1" 304 0 "http://happyvdayfel.com/backOfCard" "Mozilla/5.0 (Linux; Android 6.0; Nexus 5 Build/MRA58N) AppleWebKit/537.36 (KHTML, like Gecko) Chrome/63.0.3239.132 Mobile Safari/537.36"
192.168.1.1 - - [11/Feb/2018:17:41:47 -0500] "GET /stylesheets/style.css HTTP/1.1" 304 0 "http://happyvdayfel.com/backOfCardPage2" "Mozilla/5.0 (Linux; Android 6.0; Nexus 5 Build/MRA58N) AppleWebKit/537.36 (KHTML, like Gecko) Chrome/63.0.3239.132 Mobile Safari/537.36"
192.168.1.1 - - [11/Feb/2018:17:41:53 -0500] "GET / HTTP/1.1" 304 0 "http://happyvdayfel.com/backOfCardPage2" "Mozilla/5.0 (Linux; Android 6.0; Nexus 5 Build/MRA58N) AppleWebKit/537.36 (KHTML, like Gecko) Chrome/63.0.3239.132 Mobile Safari/537.36"
192.168.1.1 - - [11/Feb/2018:17:41:53 -0500] "GET /stylesheets/style.css HTTP/1.1" 304 0 "http://happyvdayfel.com/" "Mozilla/5.0 (Linux; Android 6.0; Nexus 5 Build/MRA58N) AppleWebKit/537.36 (KHTML, like Gecko) Chrome/63.0.3239.132 Mobile Safari/537.36"
192.168.1.1 - - [11/Feb/2018:17:41:58 -0500] "GET /backOfCard HTTP/1.1" 304 0 "http://happyvdayfel.com/" "Mozilla/5.0 (Linux; Android 6.0; Nexus 5 Build/MRA58N) AppleWebKit/537.36 (KHTML, like Gecko) Chrome/63.0.3239.132 Mobile Safari/537.36"
192.168.1.1 - - [11/Feb/2018:17:41:58 -0500] "GET /stylesheets/style.css HTTP/1.1" 304 0 "http://happyvdayfel.com/backOfCard" "Mozilla/5.0 (Linux; Android 6.0; Nexus 5 Build/MRA58N) AppleWebKit/537.36 (KHTML, like Gecko) Chrome/63.0.3239.132 Mobile Safari/537.36"
192.168.1.1 - - [11/Feb/2018:17:42:55 -0500] "GET /backOfCardPage2 HTTP/1.1" 304 0 "http://happyvdayfel.com/backOfCard" "Mozilla/5.0 (Linux; Android 6.0; Nexus 5 Build/MRA58N) AppleWebKit/537.36 (KHTML, like Gecko) Chrome/63.0.3239.132 Mobile Safari/537.36"
192.168.1.1 - - [11/Feb/2018:17:42:55 -0500] "GET /stylesheets/style.css HTTP/1.1" 304 0 "http://happyvdayfel.com/backOfCardPage2" "Mozilla/5.0 (Linux; Android 6.0; Nexus 5 Build/MRA58N) AppleWebKit/537.36 (KHTML, like Gecko) Chrome/63.0.3239.132 Mobile Safari/537.36"
192.168.1.1 - - [11/Feb/2018:17:44:16 -0500] "GET /heart HTTP/1.1" 200 1950 "-" "Mozilla/5.0 (Linux; Android 6.0; Nexus 5 Build/MRA58N) AppleWebKit/537.36 (KHTML, like Gecko) Chrome/63.0.3239.132 Mobile Safari/537.36"
192.168.1.1 - - [11/Feb/2018:17:44:16 -0500] "GET /stylesheets/style.css HTTP/1.1" 304 0 "http://happyvdayfel.com/heart" "Mozilla/5.0 (Linux; Android 6.0; Nexus 5 Build/MRA58N) AppleWebKit/537.36 (KHTML, like Gecko) Chrome/63.0.3239.132 Mobile Safari/537.36"
192.168.1.1 - - [11/Feb/2018:17:44:39 -0500] "GET /heart HTTP/1.1" 304 0 "-" "Mozilla/5.0 (Linux; Android 6.0; Nexus 5 Build/MRA58N) AppleWebKit/537.36 (KHTML, like Gecko) Chrome/63.0.3239.132 Mobile Safari/537.36"
192.168.1.1 - - [11/Feb/2018:17:44:39 -0500] "GET /stylesheets/style.css HTTP/1.1" 304 0 "http://happyvdayfel.com/heart" "Mozilla/5.0 (Linux; Android 6.0; Nexus 5 Build/MRA58N) AppleWebKit/537.36 (KHTML, like Gecko) Chrome/63.0.3239.132 Mobile Safari/537.36"
192.168.1.1 - - [11/Feb/2018:17:45:39 -0500] "GET /heart HTTP/1.1" 200 1954 "-" "Mozilla/5.0 (Linux; Android 6.0; Nexus 5 Build/MRA58N) AppleWebKit/537.36 (KHTML, like Gecko) Chrome/63.0.3239.132 Mobile Safari/537.36"
192.168.1.1 - - [11/Feb/2018:17:45:39 -0500] "GET /stylesheets/style.css HTTP/1.1" 304 0 "http://happyvdayfel.com/heart" "Mozilla/5.0 (Linux; Android 6.0; Nexus 5 Build/MRA58N) AppleWebKit/537.36 (KHTML, like Gecko) Chrome/63.0.3239.132 Mobile Safari/537.36"
192.168.1.1 - - [11/Feb/2018:17:45:44 -0500] "GET /heart HTTP/1.1" 304 0 "-" "Mozilla/5.0 (Linux; Android 6.0; Nexus 5 Build/MRA58N) AppleWebKit/537.36 (KHTML, like Gecko) Chrome/63.0.3239.132 Mobile Safari/537.36"
192.168.1.1 - - [11/Feb/2018:17:45:44 -0500] "GET /stylesheets/style.css HTTP/1.1" 304 0 "http://happyvdayfel.com/heart" "Mozilla/5.0 (Linux; Android 6.0; Nexus 5 Build/MRA58N) AppleWebKit/537.36 (KHTML, like Gecko) Chrome/63.0.3239.132 Mobile Safari/537.36"
192.168.1.1 - - [11/Feb/2018:17:46:40 -0500] "GET /heart HTTP/1.1" 200 2101 "-" "Mozilla/5.0 (Linux; Android 6.0; Nexus 5 Build/MRA58N) AppleWebKit/537.36 (KHTML, like Gecko) Chrome/63.0.3239.132 Mobile Safari/537.36"
192.168.1.1 - - [11/Feb/2018:17:46:40 -0500] "GET /stylesheets/style.css HTTP/1.1" 304 0 "http://happyvdayfel.com/heart" "Mozilla/5.0 (Linux; Android 6.0; Nexus 5 Build/MRA58N) AppleWebKit/537.36 (KHTML, like Gecko) Chrome/63.0.3239.132 Mobile Safari/537.36"
192.168.1.1 - - [11/Feb/2018:17:46:51 -0500] "GET /heart HTTP/1.1" 200 2103 "-" "Mozilla/5.0 (Linux; Android 6.0; Nexus 5 Build/MRA58N) AppleWebKit/537.36 (KHTML, like Gecko) Chrome/63.0.3239.132 Mobile Safari/537.36"
192.168.1.1 - - [11/Feb/2018:17:46:51 -0500] "GET /stylesheets/style.css HTTP/1.1" 304 0 "http://happyvdayfel.com/heart" "Mozilla/5.0 (Linux; Android 6.0; Nexus 5 Build/MRA58N) AppleWebKit/537.36 (KHTML, like Gecko) Chrome/63.0.3239.132 Mobile Safari/537.36"
192.168.1.1 - - [11/Feb/2018:17:47:17 -0500] "GET /heart HTTP/1.1" 200 2130 "-" "Mozilla/5.0 (Linux; Android 6.0; Nexus 5 Build/MRA58N) AppleWebKit/537.36 (KHTML, like Gecko) Chrome/63.0.3239.132 Mobile Safari/537.36"
192.168.1.1 - - [11/Feb/2018:17:47:17 -0500] "GET /stylesheets/style.css HTTP/1.1" 304 0 "http://happyvdayfel.com/heart" "Mozilla/5.0 (Linux; Android 6.0; Nexus 5 Build/MRA58N) AppleWebKit/537.36 (KHTML, like Gecko) Chrome/63.0.3239.132 Mobile Safari/537.36"
192.168.1.1 - - [11/Feb/2018:17:48:19 -0500] "GET /heart HTTP/1.1" 200 2122 "-" "Mozilla/5.0 (Linux; Android 6.0; Nexus 5 Build/MRA58N) AppleWebKit/537.36 (KHTML, like Gecko) Chrome/63.0.3239.132 Mobile Safari/537.36"
192.168.1.1 - - [11/Feb/2018:17:48:19 -0500] "GET /stylesheets/style.css HTTP/1.1" 304 0 "http://happyvdayfel.com/heart" "Mozilla/5.0 (Linux; Android 6.0; Nexus 5 Build/MRA58N) AppleWebKit/537.36 (KHTML, like Gecko) Chrome/63.0.3239.132 Mobile Safari/537.36"
192.168.1.1 - - [11/Feb/2018:17:49:30 -0500] "GET /heart HTTP/1.1" 200 2106 "-" "Mozilla/5.0 (Linux; Android 6.0; Nexus 5 Build/MRA58N) AppleWebKit/537.36 (KHTML, like Gecko) Chrome/63.0.3239.132 Mobile Safari/537.36"
192.168.1.1 - - [11/Feb/2018:17:49:30 -0500] "GET /stylesheets/style.css HTTP/1.1" 304 0 "http://happyvdayfel.com/heart" "Mozilla/5.0 (Linux; Android 6.0; Nexus 5 Build/MRA58N) AppleWebKit/537.36 (KHTML, like Gecko) Chrome/63.0.3239.132 Mobile Safari/537.36"
192.168.1.1 - - [11/Feb/2018:17:50:57 -0500] "GET /heart HTTP/1.1" 200 2100 "-" "Mozilla/5.0 (Linux; Android 6.0; Nexus 5 Build/MRA58N) AppleWebKit/537.36 (KHTML, like Gecko) Chrome/63.0.3239.132 Mobile Safari/537.36"
192.168.1.1 - - [11/Feb/2018:17:50:57 -0500] "GET /stylesheets/style.css HTTP/1.1" 304 0 "http://happyvdayfel.com/heart" "Mozilla/5.0 (Linux; Android 6.0; Nexus 5 Build/MRA58N) AppleWebKit/537.36 (KHTML, like Gecko) Chrome/63.0.3239.132 Mobile Safari/537.36"
192.168.1.1 - - [11/Feb/2018:17:51:39 -0500] "GET / HTTP/1.1" 304 0 "-" "Mozilla/5.0 (Linux; Android 6.0; Nexus 5 Build/MRA58N) AppleWebKit/537.36 (KHTML, like Gecko) Chrome/63.0.3239.132 Mobile Safari/537.36"
192.168.1.1 - - [11/Feb/2018:17:51:39 -0500] "GET /stylesheets/style.css HTTP/1.1" 304 0 "http://happyvdayfel.com/" "Mozilla/5.0 (Linux; Android 6.0; Nexus 5 Build/MRA58N) AppleWebKit/537.36 (KHTML, like Gecko) Chrome/63.0.3239.132 Mobile Safari/537.36"
192.168.1.1 - - [11/Feb/2018:17:51:44 -0500] "GET /backOfCard HTTP/1.1" 304 0 "http://happyvdayfel.com/" "Mozilla/5.0 (Linux; Android 6.0; Nexus 5 Build/MRA58N) AppleWebKit/537.36 (KHTML, like Gecko) Chrome/63.0.3239.132 Mobile Safari/537.36"
192.168.1.1 - - [11/Feb/2018:17:51:44 -0500] "GET /stylesheets/style.css HTTP/1.1" 304 0 "http://happyvdayfel.com/backOfCard" "Mozilla/5.0 (Linux; Android 6.0; Nexus 5 Build/MRA58N) AppleWebKit/537.36 (KHTML, like Gecko) Chrome/63.0.3239.132 Mobile Safari/537.36"
192.168.1.1 - - [11/Feb/2018:17:52:08 -0500] "GET /backOfCardPage2 HTTP/1.1" 304 0 "http://happyvdayfel.com/backOfCard" "Mozilla/5.0 (Linux; Android 6.0; Nexus 5 Build/MRA58N) AppleWebKit/537.36 (KHTML, like Gecko) Chrome/63.0.3239.132 Mobile Safari/537.36"
192.168.1.1 - - [11/Feb/2018:17:52:08 -0500] "GET /stylesheets/style.css HTTP/1.1" 304 0 "http://happyvdayfel.com/backOfCardPage2" "Mozilla/5.0 (Linux; Android 6.0; Nexus 5 Build/MRA58N) AppleWebKit/537.36 (KHTML, like Gecko) Chrome/63.0.3239.132 Mobile Safari/537.36"
192.168.1.1 - - [11/Feb/2018:17:53:03 -0500] "GET / HTTP/1.1" 200 3152 "-" "Mozilla/5.0 (iPhone; CPU iPhone OS 11_2_1 like Mac OS X) AppleWebKit/604.1.34 (KHTML, like Gecko) CriOS/64.0.3282.112 Mobile/15C153 Safari/604.1"
192.168.1.1 - - [11/Feb/2018:17:53:03 -0500] "GET /stylesheets/style.css HTTP/1.1" 200 8026 "http://happyvdayfel.com/" "Mozilla/5.0 (iPhone; CPU iPhone OS 11_2_1 like Mac OS X) AppleWebKit/604.1.34 (KHTML, like Gecko) CriOS/64.0.3282.112 Mobile/15C153 Safari/604.1"
192.168.1.1 - - [11/Feb/2018:17:53:05 -0500] "GET /favicon.ico HTTP/1.1" 404 1201 "-" "Mozilla/5.0 (iPhone; CPU iPhone OS 11_2_1 like Mac OS X) AppleWebKit/604.1.34 (KHTML, like Gecko) CriOS/64.0.3282.112 Mobile/15C153 Safari/604.1"
192.168.1.1 - - [11/Feb/2018:17:53:10 -0500] "GET /backOfCard HTTP/1.1" 200 4539 "http://happyvdayfel.com/" "Mozilla/5.0 (iPhone; CPU iPhone OS 11_2_1 like Mac OS X) AppleWebKit/604.1.34 (KHTML, like Gecko) CriOS/64.0.3282.112 Mobile/15C153 Safari/604.1"
192.168.1.1 - - [11/Feb/2018:17:53:10 -0500] "GET /stylesheets/style.css HTTP/1.1" 304 0 "http://happyvdayfel.com/backOfCard" "Mozilla/5.0 (iPhone; CPU iPhone OS 11_2_1 like Mac OS X) AppleWebKit/604.1.34 (KHTML, like Gecko) CriOS/64.0.3282.112 Mobile/15C153 Safari/604.1"
192.168.1.1 - - [11/Feb/2018:17:53:33 -0500] "GET /backOfCardPage2 HTTP/1.1" 200 3761 "http://happyvdayfel.com/backOfCard" "Mozilla/5.0 (iPhone; CPU iPhone OS 11_2_1 like Mac OS X) AppleWebKit/604.1.34 (KHTML, like Gecko) CriOS/64.0.3282.112 Mobile/15C153 Safari/604.1"
192.168.1.1 - - [11/Feb/2018:17:53:33 -0500] "GET /stylesheets/style.css HTTP/1.1" 304 0 "http://happyvdayfel.com/backOfCardPage2" "Mozilla/5.0 (iPhone; CPU iPhone OS 11_2_1 like Mac OS X) AppleWebKit/604.1.34 (KHTML, like Gecko) CriOS/64.0.3282.112 Mobile/15C153 Safari/604.1"
192.168.1.1 - - [11/Feb/2018:17:56:40 -0500] "GET /backOfCardPage2 HTTP/1.1" 200 3759 "http://happyvdayfel.com/backOfCard" "Mozilla/5.0 (Linux; Android 6.0; Nexus 5 Build/MRA58N) AppleWebKit/537.36 (KHTML, like Gecko) Chrome/63.0.3239.132 Mobile Safari/537.36"
192.168.1.1 - - [11/Feb/2018:17:56:40 -0500] "GET /stylesheets/style.css HTTP/1.1" 304 0 "http://happyvdayfel.com/backOfCardPage2" "Mozilla/5.0 (Linux; Android 6.0; Nexus 5 Build/MRA58N) AppleWebKit/537.36 (KHTML, like Gecko) Chrome/63.0.3239.132 Mobile Safari/537.36"
192.168.1.1 - - [11/Feb/2018:17:56:50 -0500] "GET /backOfCardPage2 HTTP/1.1" 200 3602 "http://happyvdayfel.com/backOfCard" "Mozilla/5.0 (Linux; Android 6.0; Nexus 5 Build/MRA58N) AppleWebKit/537.36 (KHTML, like Gecko) Chrome/63.0.3239.132 Mobile Safari/537.36"
192.168.1.1 - - [11/Feb/2018:17:56:50 -0500] "GET /stylesheets/style.css HTTP/1.1" 304 0 "http://happyvdayfel.com/backOfCardPage2" "Mozilla/5.0 (Linux; Android 6.0; Nexus 5 Build/MRA58N) AppleWebKit/537.36 (KHTML, like Gecko) Chrome/63.0.3239.132 Mobile Safari/537.36"
192.168.1.1 - - [11/Feb/2018:17:58:00 -0500] "GET /backOfCardPage2 HTTP/1.1" 200 4274 "http://happyvdayfel.com/backOfCard" "Mozilla/5.0 (Linux; Android 6.0; Nexus 5 Build/MRA58N) AppleWebKit/537.36 (KHTML, like Gecko) Chrome/63.0.3239.132 Mobile Safari/537.36"
192.168.1.1 - - [11/Feb/2018:17:58:00 -0500] "GET /stylesheets/style.css HTTP/1.1" 304 0 "http://happyvdayfel.com/backOfCardPage2" "Mozilla/5.0 (Linux; Android 6.0; Nexus 5 Build/MRA58N) AppleWebKit/537.36 (KHTML, like Gecko) Chrome/63.0.3239.132 Mobile Safari/537.36"
192.168.1.1 - - [11/Feb/2018:17:58:21 -0500] "GET /backOfCardPage2 HTTP/1.1" 200 4037 "http://happyvdayfel.com/backOfCard" "Mozilla/5.0 (Linux; Android 6.0; Nexus 5 Build/MRA58N) AppleWebKit/537.36 (KHTML, like Gecko) Chrome/63.0.3239.132 Mobile Safari/537.36"
